// Jest Snapshot v1, https://goo.gl/fbAQLP

exports[`PokemonPicture component should snapshot match 1`] = `<div class="pokemon-container"><img src="https://raw.githubusercontent.com/PokeAPI/sprites/master/sprites/pokemon/other/dream-world/1.svg" alt="pokemon" class="fade-in"></div>`;
